// Jest Snapshot v1, https://goo.gl/fbAQLP

exports[`pipe should show a message when there is a socket error 1`] = `
Array [
  "<red>request to https://api.com/v1/data failed:</red> test error like socket timeout",
]
`;
